[I 260926 22:51:47 smartConnect:124] in pool
INFO:     Started server process [29516]
INFO:     Waiting for application startup.
INFO:     Application startup complete.
INFO:     Uvicorn running on http://127.0.0.1:8765 (Press CTRL+C to quit)
INFO:     127.0.0.1:51368 - "GET /api/health HTTP/1.1" 200 OK
INFO:     127.0.0.1:60165 - "GET /api/expiries/NIFTY HTTP/1.1" 200 OK
INFO:     127.0.0.1:60170 - "POST /api/orders HTTP/1.1" 200 OK
INFO:     127.0.0.1:60172 - "POST /api/orders HTTP/1.1" 400 Bad Request
[I 260926 22:52:14 smartConnect:496] Search successful. Found 500 trading symbols for the given query:
    1. exchange: NFO, tradingsymbol: TCS23NOV261120CE, symboltoken: 47662
    2. exchange: NFO, tradingsymbol: TCS23NOV261120PE, symboltoken: 47663
    3. exchange: NFO, tradingsymbol: TCS23NOV261200CE, symboltoken: 47315
    4. exchange: NFO, tradingsymbol: TCS23NOV261200PE, symboltoken: 47316
    5. exchange: NFO, tradingsymbol: TCS23NOV261280CE, symboltoken: 36488
    6. exchange: NFO, tradingsymbol: TCS23NOV261280PE, symboltoken: 36489
    7. exchange: NFO, tradingsymbol: TCS23NOV261360CE, symboltoken: 129748
    8. exchange: NFO, tradingsymbol: TCS23NOV261360PE, symboltoken: 129749
    9. exchange: NFO, tradingsymbol: TCS23NOV261440CE, symboltoken: 129750
    10. exchange: NFO, tradingsymbol: TCS23NOV261440PE, symboltoken: 129751
    11. exchange: NFO, tradingsymbol: TCS23NOV261480CE, symboltoken: 55881
    12. exchange: NFO, tradingsymbol: TCS23NOV261480PE, symboltoken: 55884
    13. exchange: NFO, tradingsymbol: TCS23NOV261520CE, symboltoken: 129752
    14. exchange: NFO, tradingsymbol: TCS23NOV261520PE, symboltoken: 129753
    15. exchange: NFO, tradingsymbol: TCS23NOV261560CE, symboltoken: 47666
    16. exchange: NFO, tradingsymbol: TCS23NOV261560PE, symboltoken: 47667
    17. exchange: NFO, tradingsymbol: TCS23NOV261600CE, symboltoken: 129754
    18. exchange: NFO, tradingsymbol: TCS23NOV261600PE, symboltoken: 129755
    19. exchange: NFO, tradingsymbol: TCS23NOV261640CE, symboltoken: 37419
    20. exchange: NFO, tradingsymbol: TCS23NOV261640PE, symboltoken: 37420
    21. exchange: NFO, tradingsymbol: TCS23NOV261680CE, symboltoken: 129756
    22. exchange: NFO, tradingsymbol: TCS23NOV261680PE, symboltoken: 129757
    23. exchange: NFO, tradingsymbol: TCS23NOV261720CE, symboltoken: 129758
    24. exchange: NFO, tradingsymbol: TCS23NOV261720PE, symboltoken: 129759
    25. exchange: NFO, tradingsymbol: TCS23NOV261760CE, symboltoken: 129760
    26. exchange: NFO, tradingsymbol: TCS23NOV261760PE, symboltoken: 129761
    27. exchange: NFO, tradingsymbol: TCS23NOV261800CE, symboltoken: 129762
    28. exchange: NFO, tradingsymbol: TCS23NOV261800PE, symboltoken: 129763
    29. exchange: NFO, tradingsymbol: TCS23NOV261840CE, symboltoken: 129764
    30. exchange: NFO, tradingsymbol: TCS23NOV261840PE, symboltoken: 129765
    31. exchange: NFO, tradingsymbol: TCS23NOV261880CE, symboltoken: 129766
    32. exchange: NFO, tradingsymbol: TCS23NOV261880PE, symboltoken: 129767
    33. exchange: NFO, tradingsymbol: TCS23NOV261920CE, symboltoken: 129768
    34. exchange: NFO, tradingsymbol: TCS23NOV261920PE, symboltoken: 129769
    35. exchange: NFO, tradingsymbol: TCS23NOV261960CE, symboltoken: 129770
    36. exchange: NFO, tradingsymbol: TCS23NOV261960PE, symboltoken: 129771
    37. exchange: NFO, tradingsymbol: TCS23NOV262000CE, symboltoken: 129772
    38. exchange: NFO, tradingsymbol: TCS23NOV262000PE, symboltoken: 129773
    39. exchange: NFO, tradingsymbol: TCS23NOV262040CE, symboltoken: 129774
    40. exchange: NFO, tradingsymbol: TCS23NOV262040PE, symboltoken: 129775
    41. exchange: NFO, tradingsymbol: TCS23NOV262080CE, symboltoken: 129776
    42. exchange: NFO, tradingsymbol: TCS23NOV262080PE, symboltoken: 129777
    43. exchange: NFO, tradingsymbol: TCS23NOV262120CE, symboltoken: 129778
    44. exchange: NFO, tradingsymbol: TCS23NOV262120PE, symboltoken: 129779
    45. exchange: NFO, tradingsymbol: TCS23NOV262160CE, symboltoken: 129780
    46. exchange: NFO, tradingsymbol: TCS23NOV262160PE, symboltoken: 129781
    47. exchange: NFO, tradingsymbol: TCS23NOV262200CE, symboltoken: 129782
    48. exchange: NFO, tradingsymbol: TCS23NOV262200PE, symboltoken: 129783
    49. exchange: NFO, tradingsymbol: TCS23NOV262240CE, symboltoken: 129784
    50. exchange: NFO, tradingsymbol: TCS23NOV262240PE, symboltoken: 129785
    51. exchange: NFO, tradingsymbol: TCS23NOV262280CE, symboltoken: 129786
    52. exchange: NFO, tradingsymbol: TCS23NOV262280PE, symboltoken: 129787
    53. exchange: NFO, tradingsymbol: TCS23NOV262320CE, symboltoken: 129788
    54. exchange: NFO, tradingsymbol: TCS23NOV262320PE, symboltoken: 129789
    55. exchange: NFO, tradingsymbol: TCS23NOV262440PE, symboltoken: 129795
    56. exchange: NFO, tradingsymbol: TCS23NOV262520PE, symboltoken: 129799
    57. exchange: NFO, tradingsymbol: TCS23NOV262640PE, symboltoken: 129805
    58. exchange: NFO, tradingsymbol: TCS23NOV262680PE, symboltoken: 129807
    59. exchange: NFO, tradingsymbol: TCS23NOV262720CE, symboltoken: 129808
    60. exchange: NFO, tradingsymbol: TCS23NOV262720PE, symboltoken: 129809
    61. exchange: NFO, tradingsymbol: TCS23NOV262760CE, symboltoken: 129810
    62. exchange: NFO, tradingsymbol: TCS23NOV262760PE, symboltoken: 129811
    63. exchange: NFO, tradingsymbol: TCS23NOV262800CE, symboltoken: 129812
    64. exchange: NFO, tradingsymbol: TCS23NOV262800PE, symboltoken: 129813
    65. exchange: NFO, tradingsymbol: TCS23NOV262840CE, symboltoken: 129815
    66. exchange: NFO, tradingsymbol: TCS23NOV262840PE, symboltoken: 129816
    67. exchange: NFO, tradingsymbol: TCS23NOV262880CE, symboltoken: 129818
    68. exchange: NFO, tradingsymbol: TCS23NOV262880PE, symboltoken: 129819
    69. exchange: NFO, tradingsymbol: TCS23NOV262920CE, symboltoken: 38484
    70. exchange: NFO, tradingsymbol: TCS23NOV262920PE, symboltoken: 38485
    71. exchange: NFO, tradingsymbol: TCS23NOV262960CE, symboltoken: 129820
    72. exchange: NFO, tradingsymbol: TCS23NOV262960PE, symboltoken: 129821
    73. exchange: NFO, tradingsymbol: TCS23NOV263000CE, symboltoken: 40377
    74. exchange: NFO, tradingsymbol: TCS23NOV263000PE, symboltoken: 40378
    75. exchange: NFO, tradingsymbol: TCS23NOV263040CE, symboltoken: 129825
    76. exchange: NFO, tradingsymbol: TCS23NOV263040PE, symboltoken: 129826
    77. exchange: NFO, tradingsymbol: TCS23NOV263120CE, symboltoken: 129869
    78. exchange: NFO, tradingsymbol: TCS23NOV263120PE, symboltoken: 129870
    79. exchange: NFO, tradingsymbol: TCS23NOV263200CE, symboltoken: 129872
    80. exchange: NFO, tradingsymbol: TCS23NOV263200PE, symboltoken: 129873
    81. exchange: NFO, tradingsymbol: TCS23NOV263280CE, symboltoken: 38486
    82. exchange: NFO, tradingsymbol: TCS23NOV263280PE, symboltoken: 38496
    83. exchange: NFO, tradingsymbol: TCS23NOV263360CE, symboltoken: 40379
    84. exchange: NFO, tradingsymbol: TCS23NOV263360PE, symboltoken: 40380
    85. exchange: NFO, tradingsymbol: TCS23NOV26FUT, symboltoken: 61724
    86. exchange: NFO, tradingsymbol: TCS27OCT261120CE, symboltoken: 55877
    87. exchange: NFO, tradingsymbol: TCS27OCT261120PE, symboltoken: 55878
    88. exchange: NFO, tradingsymbol: TCS27OCT261160CE, symboltoken: 47644
    89. exchange: NFO, tradingsymbol: TCS27OCT261160PE, symboltoken: 47645
    90. exchange: NFO, tradingsymbol: TCS27OCT261200CE, symboltoken: 47646
    91. exchange: NFO, tradingsymbol: TCS27OCT261200PE, symboltoken: 47647
    92. exchange: NFO, tradingsymbol: TCS27OCT261240CE, symboltoken: 45628
    93. exchange: NFO, tradingsymbol: TCS27OCT261240PE, symboltoken: 45629
    94. exchange: NFO, tradingsymbol: TCS27OCT261280CE, symboltoken: 37415
    95. exchange: NFO, tradingsymbol: TCS27OCT261280PE, symboltoken: 37416
    96. exchange: NFO, tradingsymbol: TCS27OCT261320CE, symboltoken: 129596
    97. exchange: NFO, tradingsymbol: TCS27OCT261320PE, symboltoken: 129597
    98. exchange: NFO, tradingsymbol: TCS27OCT261360CE, symboltoken: 41179
    99. exchange: NFO, tradingsymbol: TCS27OCT261360PE, symboltoken: 41180
    100. exchange: NFO, tradingsymbol: TCS27OCT261400CE, symboltoken: 129598
    101. exchange: NFO, tradingsymbol: TCS27OCT261400PE, symboltoken: 129599
    102. exchange: NFO, tradingsymbol: TCS27OCT261420CE, symboltoken: 55879
    103. exchange: NFO, tradingsymbol: TCS27OCT261420PE, symboltoken: 55880
    104. exchange: NFO, tradingsymbol: TCS27OCT261440CE, symboltoken: 37581
    105. exchange: NFO, tradingsymbol: TCS27OCT261440PE, symboltoken: 37588
    106. exchange: NFO, tradingsymbol: TCS27OCT261460CE, symboltoken: 47648
    107. exchange: NFO, tradingsymbol: TCS27OCT261460PE, symboltoken: 47649
    108. exchange: NFO, tradingsymbol: TCS27OCT261480CE, symboltoken: 129600
    109. exchange: NFO, tradingsymbol: TCS27OCT261480PE, symboltoken: 129601
    110. exchange: NFO, tradingsymbol: TCS27OCT261500CE, symboltoken: 47650
    111. exchange: NFO, tradingsymbol: TCS27OCT261500PE, symboltoken: 47651
    112. exchange: NFO, tradingsymbol: TCS27OCT261520CE, symboltoken: 113199
    113. exchange: NFO, tradingsymbol: TCS27OCT261520PE, symboltoken: 113200
    114. exchange: NFO, tradingsymbol: TCS27OCT261540CE, symboltoken: 45633
    115. exchange: NFO, tradingsymbol: TCS27OCT261540PE, symboltoken: 45634
    116. exchange: NFO, tradingsymbol: TCS27OCT261560CE, symboltoken: 129602
    117. exchange: NFO, tradingsymbol: TCS27OCT261560PE, symboltoken: 129603
    118. exchange: NFO, tradingsymbol: TCS27OCT261580CE, symboltoken: 37417
    119. exchange: NFO, tradingsymbol: TCS27OCT261580PE, symboltoken: 37418
    120. exchange: NFO, tradingsymbol: TCS27OCT261600CE, symboltoken: 113201
    121. exchange: NFO, tradingsymbol: TCS27OCT261600PE, symboltoken: 113202
    122. exchange: NFO, tradingsymbol: TCS27OCT261620CE, symboltoken: 36486
    123. exchange: NFO, tradingsymbol: TCS27OCT261620PE, symboltoken: 36487
    124. exchange: NFO, tradingsymbol: TCS27OCT261640CE, symboltoken: 129604
    125. exchange: NFO, tradingsymbol: TCS27OCT261640PE, symboltoken: 129605
    126. exchange: NFO, tradingsymbol: TCS27OCT261660CE, symboltoken: 129606
    127. exchange: NFO, tradingsymbol: TCS27OCT261660PE, symboltoken: 129607
    128. exchange: NFO, tradingsymbol: TCS27OCT261680CE, symboltoken: 113203
    129. exchange: NFO, tradingsymbol: TCS27OCT261680PE, symboltoken: 113204
    130. exchange: NFO, tradingsymbol: TCS27OCT261700CE, symboltoken: 129608
    131. exchange: NFO, tradingsymbol: TCS27OCT261700PE, symboltoken: 129609
    132. exchange: NFO, tradingsymbol: TCS27OCT261720CE, symboltoken: 55979
    133. exchange: NFO, tradingsymbol: TCS27OCT261720PE, symboltoken: 55991
    134. exchange: NFO, tradingsymbol: TCS27OCT261740CE, symboltoken: 129610
    135. exchange: NFO, tradingsymbol: TCS27OCT261740PE, symboltoken: 129611
    136. exchange: NFO, tradingsymbol: TCS27OCT261760CE, symboltoken: 113205
    137. exchange: NFO, tradingsymbol: TCS27OCT261760PE, symboltoken: 113206
    138. exchange: NFO, tradingsymbol: TCS27OCT261780CE, symboltoken: 129612
    139. exchange: NFO, tradingsymbol: TCS27OCT261780PE, symboltoken: 129613
    140. exchange: NFO, tradingsymbol: TCS27OCT261800CE, symboltoken: 39870
    141. exchange: NFO, tradingsymbol: TCS27OCT261800PE, symboltoken: 39871
    142. exchange: NFO, tradingsymbol: TCS27OCT261820CE, symboltoken: 129614
    143. exchange: NFO, tradingsymbol: TCS27OCT261820PE, symboltoken: 129615
    144. exchange: NFO, tradingsymbol: TCS27OCT261840CE, symboltoken: 113209
    145. exchange: NFO, tradingsymbol: TCS27OCT261840PE, symboltoken: 113210
    146. exchange: NFO, tradingsymbol: TCS27OCT261860CE, symboltoken: 129616
    147. exchange: NFO, tradingsymbol: TCS27OCT261860PE, symboltoken: 129617
    148. exchange: NFO, tradingsymbol: TCS27OCT261880CE, symboltoken: 113211
    149. exchange: NFO, tradingsymbol: TCS27OCT261880PE, symboltoken: 113212
    150. exchange: NFO, tradingsymbol: TCS27OCT261900CE, symboltoken: 129629
    151. exchange: NFO, tradingsymbol: TCS27OCT261900PE, symboltoken: 129630
    152. exchange: NFO, tradingsymbol: TCS27OCT261920CE, symboltoken: 113213
    153. exchange: NFO, tradingsymbol: TCS27OCT261920PE, symboltoken: 113214
    154. exchange: NFO, tradingsymbol: TCS27OCT261940CE, symboltoken: 129653
    155. exchange: NFO, tradingsymbol: TCS27OCT261940PE, symboltoken: 129654
    156. exchange: NFO, tradingsymbol: TCS27OCT261960CE, symboltoken: 113215
    157. exchange: NFO, tradingsymbol: TCS27OCT261960PE, symboltoken: 113216
    158. exchange: NFO, tradingsymbol: TCS27OCT261980CE, symboltoken: 129655
    159. exchange: NFO, tradingsymbol: TCS27OCT261980PE, symboltoken: 129656
    160. exchange: NFO, tradingsymbol: TCS27OCT262000CE, symboltoken: 113217
    161. exchange: NFO, tradingsymbol: TCS27OCT262000PE, symboltoken: 113218
    162. exchange: NFO, tradingsymbol: TCS27OCT262020CE, symboltoken: 129657
    163. exchange: NFO, tradingsymbol: TCS27OCT262020PE, symboltoken: 129658
    164. exchange: NFO, tradingsymbol: TCS27OCT262040CE, symboltoken: 113219
    165. exchange: NFO, tradingsymbol: TCS27OCT262040PE, symboltoken: 113220
    166. exchange: NFO, tradingsymbol: TCS27OCT262060CE, symboltoken: 129659
    167. exchange: NFO, tradingsymbol: TCS27OCT262060PE, symboltoken: 129660
    168. exchange: NFO, tradingsymbol: TCS27OCT262080CE, symboltoken: 113221
    169. exchange: NFO, tradingsymbol: TCS27OCT262080PE, symboltoken: 113222
    170. exchange: NFO, tradingsymbol: TCS27OCT262100CE, symboltoken: 129663
    171. exchange: NFO, tradingsymbol: TCS27OCT262100PE, symboltoken: 129664
    172. exchange: NFO, tradingsymbol: TCS27OCT262120CE, symboltoken: 113223
    173. exchange: NFO, tradingsymbol: TCS27OCT262120PE, symboltoken: 113224
    174. exchange: NFO, tradingsymbol: TCS27OCT262140CE, symboltoken: 129669
    175. exchange: NFO, tradingsymbol: TCS27OCT262140PE, symboltoken: 129670
    176. exchange: NFO, tradingsymbol: TCS27OCT262160CE, symboltoken: 113225
    177. exchange: NFO, tradingsymbol: TCS27OCT262160PE, symboltoken: 113226
    178. exchange: NFO, tradingsymbol: TCS27OCT262180CE, symboltoken: 129671
    179. exchange: NFO, tradingsymbol: TCS27OCT262180PE, symboltoken: 129672
    180. exchange: NFO, tradingsymbol: TCS27OCT262200CE, symboltoken: 113227
    181. exchange: NFO, tradingsymbol: TCS27OCT262200PE, symboltoken: 113228
    182. exchange: NFO, tradingsymbol: TCS27OCT262220CE, symboltoken: 129673
    183. exchange: NFO, tradingsymbol: TCS27OCT262220PE, symboltoken: 129674
    184. exchange: NFO, tradingsymbol: TCS27OCT262240CE, symboltoken: 113229
    185. exchange: NFO, tradingsymbol: TCS27OCT262240PE, symboltoken: 113231
    186. exchange: NFO, tradingsymbol: TCS27OCT262260CE, symboltoken: 129675
    187. exchange: NFO, tradingsymbol: TCS27OCT262260PE, symboltoken: 129676
    188. exchange: NFO, tradingsymbol: TCS27OCT262280CE, symboltoken: 113233
    189. exchange: NFO, tradingsymbol: TCS27OCT262280PE, symboltoken: 113234
    190. exchange: NFO, tradingsymbol: TCS27OCT262300CE, symboltoken: 129677
    191. exchange: NFO, tradingsymbol: TCS27OCT262300PE, symboltoken: 129678
    192. exchange: NFO, tradingsymbol: TCS27OCT262320CE, symboltoken: 113235
    193. exchange: NFO, tradingsymbol: TCS27OCT262320PE, symboltoken: 113236
    194. exchange: NFO, tradingsymbol: TCS27OCT262340CE, symboltoken: 129679
    195. exchange: NFO, tradingsymbol: TCS27OCT262340PE, symboltoken: 129680
    196. exchange: NFO, tradingsymbol: TCS27OCT262360CE, symboltoken: 113237
    197. exchange: NFO, tradingsymbol: TCS27OCT262360PE, symboltoken: 113238
    198. exchange: NFO, tradingsymbol: TCS27OCT262380CE, symboltoken: 129681
    199. exchange: NFO, tradingsymbol: TCS27OCT262380PE, symboltoken: 129682
    200. exchange: NFO, tradingsymbol: TCS27OCT2623NOV26FUT, symboltoken: 49013 61724
    201. exchange: NFO, tradingsymbol: TCS27OCT262400CE, symboltoken: 113239
    202. exchange: NFO, tradingsymbol: TCS27OCT262400PE, symboltoken: 113240
    203. exchange: NFO, tradingsymbol: TCS27OCT262420CE, symboltoken: 129685
    204. exchange: NFO, tradingsymbol: TCS27OCT262420PE, symboltoken: 129686
    205. exchange: NFO, tradingsymbol: TCS27OCT262440CE, symboltoken: 113241
    206. exchange: NFO, tradingsymbol: TCS27OCT262440PE, symboltoken: 113242
    207. exchange: NFO, tradingsymbol: TCS27OCT262460CE, symboltoken: 129692
    208. exchange: NFO, tradingsymbol: TCS27OCT262460PE, symboltoken: 129695
    209. exchange: NFO, tradingsymbol: TCS27OCT262480CE, symboltoken: 113243
    210. exchange: NFO, tradingsymbol: TCS27OCT262480PE, symboltoken: 113244
    211. exchange: NFO, tradingsymbol: TCS27OCT262500CE, symboltoken: 129696
    212. exchange: NFO, tradingsymbol: TCS27OCT262500PE, symboltoken: 129697
    213. exchange: NFO, tradingsymbol: TCS27OCT262520CE, symboltoken: 113245
    214. exchange: NFO, tradingsymbol: TCS27OCT262520PE, symboltoken: 113246
    215. exchange: NFO, tradingsymbol: TCS27OCT262540CE, symboltoken: 129706
    216. exchange: NFO, tradingsymbol: TCS27OCT262540PE, symboltoken: 129719
    217. exchange: NFO, tradingsymbol: TCS27OCT262560CE, symboltoken: 113247
    218. exchange: NFO, tradingsymbol: TCS27OCT262560PE, symboltoken: 113248
    219. exchange: NFO, tradingsymbol: TCS27OCT262580CE, symboltoken: 129720
    220. exchange: NFO, tradingsymbol: TCS27OCT262580PE, symboltoken: 129721
    221. exchange: NFO, tradingsymbol: TCS27OCT262600CE, symboltoken: 113249
    222. exchange: NFO, tradingsymbol: TCS27OCT262600PE, symboltoken: 113250
    223. exchange: NFO, tradingsymbol: TCS27OCT262620CE, symboltoken: 129722
    224. exchange: NFO, tradingsymbol: TCS27OCT262620PE, symboltoken: 129723
    225. exchange: NFO, tradingsymbol: TCS27OCT262640CE, symboltoken: 113258
    226. exchange: NFO, tradingsymbol: TCS27OCT262640PE, symboltoken: 113259
    227. exchange: NFO, tradingsymbol: TCS27OCT262660CE, symboltoken: 129724
    228. exchange: NFO, tradingsymbol: TCS27OCT262660PE, symboltoken: 129726
    229. exchange: NFO, tradingsymbol: TCS27OCT262680CE, symboltoken: 113271
    230. exchange: NFO, tradingsymbol: TCS27OCT262680PE, symboltoken: 113272
    231. exchange: NFO, tradingsymbol: TCS27OCT262700CE, symboltoken: 129727
    232. exchange: NFO, tradingsymbol: TCS27OCT262700PE, symboltoken: 129728
    233. exchange: NFO, tradingsymbol: TCS27OCT262720CE, symboltoken: 113294
    234. exchange: NFO, tradingsymbol: TCS27OCT262720PE, symboltoken: 113295
    235. exchange: NFO, tradingsymbol: TCS27OCT262740CE, symboltoken: 129729
    236. exchange: NFO, tradingsymbol: TCS27OCT262740PE, symboltoken: 129730
    237. exchange: NFO, tradingsymbol: TCS27OCT262760CE, symboltoken: 113298
    238. exchange: NFO, tradingsymbol: TCS27OCT262760PE, symboltoken: 113299
    239. exchange: NFO, tradingsymbol: TCS27OCT262780CE, symboltoken: 129731
    240. exchange: NFO, tradingsymbol: TCS27OCT262780PE, symboltoken: 129734
    241. exchange: NFO, tradingsymbol: TCS27OCT262800CE, symboltoken: 113302
    242. exchange: NFO, tradingsymbol: TCS27OCT262800PE, symboltoken: 113303
    243. exchange: NFO, tradingsymbol: TCS27OCT262820CE, symboltoken: 129735
    244. exchange: NFO, tradingsymbol: TCS27OCT262820PE, symboltoken: 129737
    245. exchange: NFO, tradingsymbol: TCS27OCT262840CE, symboltoken: 113306
    246. exchange: NFO, tradingsymbol: TCS27OCT262840PE, symboltoken: 113307
    247. exchange: NFO, tradingsymbol: TCS27OCT262860CE, symboltoken: 129738
    248. exchange: NFO, tradingsymbol: TCS27OCT262860PE, symboltoken: 129739
    249. exchange: NFO, tradingsymbol: TCS27OCT262880CE, symboltoken: 113310
    250. exchange: NFO, tradingsymbol: TCS27OCT262880PE, symboltoken: 113311
    251. exchange: NFO, tradingsymbol: TCS27OCT262900CE, symboltoken: 129740
    252. exchange: NFO, tradingsymbol: TCS27OCT262900PE, symboltoken: 129741
    253. exchange: NFO, tradingsymbol: TCS27OCT262920CE, symboltoken: 113360
    254. exchange: NFO, tradingsymbol: TCS27OCT262920PE, symboltoken: 113361
    255. exchange: NFO, tradingsymbol: TCS27OCT262940CE, symboltoken: 129742
    256. exchange: NFO, tradingsymbol: TCS27OCT262940PE, symboltoken: 129743
    257. exchange: NFO, tradingsymbol: TCS27OCT262960CE, symboltoken: 113367
    258. exchange: NFO, tradingsymbol: TCS27OCT262960PE, symboltoken: 113368
    259. exchange: NFO, tradingsymbol: TCS27OCT262980CE, symboltoken: 38475
    260. exchange: NFO, tradingsymbol: TCS27OCT262980PE, symboltoken: 38476
    261. exchange: NFO, tradingsymbol: TCS27OCT263000CE, symboltoken: 113369
    262. exchange: NFO, tradingsymbol: TCS27OCT263000PE, symboltoken: 113370
    263. exchange: NFO, tradingsymbol: TCS27OCT263020CE, symboltoken: 40370
    264. exchange: NFO, tradingsymbol: TCS27OCT263020PE, symboltoken: 40371
    265. exchange: NFO, tradingsymbol: TCS27OCT263040CE, symboltoken: 113371
    266. exchange: NFO, tradingsymbol: TCS27OCT263040PE, symboltoken: 113372
    267. exchange: NFO, tradingsymbol: TCS27OCT263060CE, symboltoken: 40372
    268. exchange: NFO, tradingsymbol: TCS27OCT263060PE, symboltoken: 40374
    269. exchange: NFO, tradingsymbol: TCS27OCT263080CE, symboltoken: 42315
    270. exchange: NFO, tradingsymbol: TCS27OCT263080PE, symboltoken: 42316
    271. exchange: NFO, tradingsymbol: TCS27OCT263120CE, symboltoken: 113373
    272. exchange: NFO, tradingsymbol: TCS27OCT263120PE, symboltoken: 113374
    273. exchange: NFO, tradingsymbol: TCS27OCT263160CE, symboltoken: 129744
    274. exchange: NFO, tradingsymbol: TCS27OCT263160PE, symboltoken: 129745
    275. exchange: NFO, tradingsymbol: TCS27OCT263200CE, symboltoken: 113375
    276. exchange: NFO, tradingsymbol: TCS27OCT263200PE, symboltoken: 113376
    277. exchange: NFO, tradingsymbol: TCS27OCT263240CE, symboltoken: 129746
    278. exchange: NFO, tradingsymbol: TCS27OCT263240PE, symboltoken: 129747
    279. exchange: NFO, tradingsymbol: TCS27OCT263280CE, symboltoken: 38477
    280. exchange: NFO, tradingsymbol: TCS27OCT263280PE, symboltoken: 38478
    281. exchange: NFO, tradingsymbol: TCS27OCT263320CE, symboltoken: 38479
    282. exchange: NFO, tradingsymbol: TCS27OCT263320PE, symboltoken: 38483
    283. exchange: NFO, tradingsymbol: TCS27OCT263360CE, symboltoken: 40375
    284. exchange: NFO, tradingsymbol: TCS27OCT263360PE, symboltoken: 40376
    285. exchange: NFO, tradingsymbol: TCS27OCT26FUT, symboltoken: 49013
    286. exchange: NFO, tradingsymbol: TCS29SEP261120CE, symboltoken: 55871
    287. exchange: NFO, tradingsymbol: TCS29SEP261120PE, symboltoken: 55873
    288. exchange: NFO, tradingsymbol: TCS29SEP261160CE, symboltoken: 47624
    289. exchange: NFO, tradingsymbol: TCS29SEP261160PE, symboltoken: 47625
    290. exchange: NFO, tradingsymbol: TCS29SEP261200CE, symboltoken: 47634
    291. exchange: NFO, tradingsymbol: TCS29SEP261200PE, symboltoken: 47635
    292. exchange: NFO, tradingsymbol: TCS29SEP261240CE, symboltoken: 45612
    293. exchange: NFO, tradingsymbol: TCS29SEP261240PE, symboltoken: 45613
    294. exchange: NFO, tradingsymbol: TCS29SEP261280CE, symboltoken: 37411
    295. exchange: NFO, tradingsymbol: TCS29SEP261280PE, symboltoken: 37412
    296. exchange: NFO, tradingsymbol: TCS29SEP261320CE, symboltoken: 61252
    297. exchange: NFO, tradingsymbol: TCS29SEP261320PE, symboltoken: 61253
    298. exchange: NFO, tradingsymbol: TCS29SEP261360CE, symboltoken: 55973
    299. exchange: NFO, tradingsymbol: TCS29SEP261360PE, symboltoken: 55974
    300. exchange: NFO, tradingsymbol: TCS29SEP261400CE, symboltoken: 39854
    301. exchange: NFO, tradingsymbol: TCS29SEP261400PE, symboltoken: 39855
    302. exchange: NFO, tradingsymbol: TCS29SEP261420CE, symboltoken: 55874
    303. exchange: NFO, tradingsymbol: TCS29SEP261420PE, symboltoken: 55876
    304. exchange: NFO, tradingsymbol: TCS29SEP261440CE, symboltoken: 39856
    305. exchange: NFO, tradingsymbol: TCS29SEP261440PE, symboltoken: 39857
    306. exchange: NFO, tradingsymbol: TCS29SEP261460CE, symboltoken: 47636
    307. exchange: NFO, tradingsymbol: TCS29SEP261460PE, symboltoken: 47637
    308. exchange: NFO, tradingsymbol: TCS29SEP261480CE, symboltoken: 153924
    309. exchange: NFO, tradingsymbol: TCS29SEP261480PE, symboltoken: 153925
    310. exchange: NFO, tradingsymbol: TCS29SEP261500CE, symboltoken: 47640
    311. exchange: NFO, tradingsymbol: TCS29SEP261500PE, symboltoken: 47641
    312. exchange: NFO, tradingsymbol: TCS29SEP261520CE, symboltoken: 153926
    313. exchange: NFO, tradingsymbol: TCS29SEP261520PE, symboltoken: 153927
    314. exchange: NFO, tradingsymbol: TCS29SEP261540CE, symboltoken: 45618
    315. exchange: NFO, tradingsymbol: TCS29SEP261540PE, symboltoken: 45619
    316. exchange: NFO, tradingsymbol: TCS29SEP261560CE, symboltoken: 153928
    317. exchange: NFO, tradingsymbol: TCS29SEP261560PE, symboltoken: 153929
    318. exchange: NFO, tradingsymbol: TCS29SEP261580CE, symboltoken: 37413
    319. exchange: NFO, tradingsymbol: TCS29SEP261580PE, symboltoken: 37414
    320. exchange: NFO, tradingsymbol: TCS29SEP261600CE, symboltoken: 153930
    321. exchange: NFO, tradingsymbol: TCS29SEP261600PE, symboltoken: 153931
    322. exchange: NFO, tradingsymbol: TCS29SEP261620CE, symboltoken: 61254
    323. exchange: NFO, tradingsymbol: TCS29SEP261620PE, symboltoken: 61255
    324. exchange: NFO, tradingsymbol: TCS29SEP261640CE, symboltoken: 153932
    325. exchange: NFO, tradingsymbol: TCS29SEP261640PE, symboltoken: 153933
    326. exchange: NFO, tradingsymbol: TCS29SEP261660CE, symboltoken: 55975
    327. exchange: NFO, tradingsymbol: TCS29SEP261660PE, symboltoken: 55978
    328. exchange: NFO, tradingsymbol: TCS29SEP261680CE, symboltoken: 153934
    329. exchange: NFO, tradingsymbol: TCS29SEP261680PE, symboltoken: 153935
    330. exchange: NFO, tradingsymbol: TCS29SEP261700CE, symboltoken: 39858
    331. exchange: NFO, tradingsymbol: TCS29SEP261700PE, symboltoken: 39859
    332. exchange: NFO, tradingsymbol: TCS29SEP261720CE, symboltoken: 153936
    333. exchange: NFO, tradingsymbol: TCS29SEP261720PE, symboltoken: 153937
    334. exchange: NFO, tradingsymbol: TCS29SEP261740CE, symboltoken: 39860
    335. exchange: NFO, tradingsymbol: TCS29SEP261740PE, symboltoken: 39861
    336. exchange: NFO, tradingsymbol: TCS29SEP261760CE, symboltoken: 153938
    337. exchange: NFO, tradingsymbol: TCS29SEP261760PE, symboltoken: 153939
    338. exchange: NFO, tradingsymbol: TCS29SEP261780CE, symboltoken: 113068
    339. exchange: NFO, tradingsymbol: TCS29SEP261780PE, symboltoken: 113069
    340. exchange: NFO, tradingsymbol: TCS29SEP261800CE, symboltoken: 153940
    341. exchange: NFO, tradingsymbol: TCS29SEP261800PE, symboltoken: 153941
    342. exchange: NFO, tradingsymbol: TCS29SEP261820CE, symboltoken: 113070
    343. exchange: NFO, tradingsymbol: TCS29SEP261820PE, symboltoken: 113071
    344. exchange: NFO, tradingsymbol: TCS29SEP261840CE, symboltoken: 153942
    345. exchange: NFO, tradingsymbol: TCS29SEP261840PE, symboltoken: 153943
    346. exchange: NFO, tradingsymbol: TCS29SEP261860CE, symboltoken: 113072
    347. exchange: NFO, tradingsymbol: TCS29SEP261860PE, symboltoken: 113073
    348. exchange: NFO, tradingsymbol: TCS29SEP261880CE, symboltoken: 153944
    349. exchange: NFO, tradingsymbol: TCS29SEP261880PE, symboltoken: 153945
    350. exchange: NFO, tradingsymbol: TCS29SEP261900CE, symboltoken: 113074
    351. exchange: NFO, tradingsymbol: TCS29SEP261900PE, symboltoken: 113075
    352. exchange: NFO, tradingsymbol: TCS29SEP261920CE, symboltoken: 153946
    353. exchange: NFO, tradingsymbol: TCS29SEP261920PE, symboltoken: 153947
    354. exchange: NFO, tradingsymbol: TCS29SEP261940CE, symboltoken: 113076
    355. exchange: NFO, tradingsymbol: TCS29SEP261940PE, symboltoken: 113077
    356. exchange: NFO, tradingsymbol: TCS29SEP261960CE, symboltoken: 153948
    357. exchange: NFO, tradingsymbol: TCS29SEP261960PE, symboltoken: 153949
    358. exchange: NFO, tradingsymbol: TCS29SEP261980CE, symboltoken: 113078
    359. exchange: NFO, tradingsymbol: TCS29SEP261980PE, symboltoken: 113079
    360. exchange: NFO, tradingsymbol: TCS29SEP262000CE, symboltoken: 153950
    361. exchange: NFO, tradingsymbol: TCS29SEP262000PE, symboltoken: 153951
    362. exchange: NFO, tradingsymbol: TCS29SEP262020CE, symboltoken: 113080
    363. exchange: NFO, tradingsymbol: TCS29SEP262020PE, symboltoken: 113081
    364. exchange: NFO, tradingsymbol: TCS29SEP262040CE, symboltoken: 153952
    365. exchange: NFO, tradingsymbol: TCS29SEP262040PE, symboltoken: 153953
    366. exchange: NFO, tradingsymbol: TCS29SEP262060CE, symboltoken: 113082
    367. exchange: NFO, tradingsymbol: TCS29SEP262060PE, symboltoken: 113083
    368. exchange: NFO, tradingsymbol: TCS29SEP262080CE, symboltoken: 153954
    369. exchange: NFO, tradingsymbol: TCS29SEP262080PE, symboltoken: 153955
    370. exchange: NFO, tradingsymbol: TCS29SEP262100CE, symboltoken: 113084
    371. exchange: NFO, tradingsymbol: TCS29SEP262100PE, symboltoken: 113085
    372. exchange: NFO, tradingsymbol: TCS29SEP262120CE, symboltoken: 153956
    373. exchange: NFO, tradingsymbol: TCS29SEP262120PE, symboltoken: 153957
    374. exchange: NFO, tradingsymbol: TCS29SEP262140CE, symboltoken: 113086
    375. exchange: NFO, tradingsymbol: TCS29SEP262140PE, symboltoken: 113087
    376. exchange: NFO, tradingsymbol: TCS29SEP262160CE, symboltoken: 153958
    377. exchange: NFO, tradingsymbol: TCS29SEP262160PE, symboltoken: 153959
    378. exchange: NFO, tradingsymbol: TCS29SEP262180CE, symboltoken: 113090
    379. exchange: NFO, tradingsymbol: TCS29SEP262180PE, symboltoken: 113091
    380. exchange: NFO, tradingsymbol: TCS29SEP262200CE, symboltoken: 153960
    381. exchange: NFO, tradingsymbol: TCS29SEP262200PE, symboltoken: 153961
    382. exchange: NFO, tradingsymbol: TCS29SEP262220CE, symboltoken: 113096
    383. exchange: NFO, tradingsymbol: TCS29SEP262220PE, symboltoken: 113097
    384. exchange: NFO, tradingsymbol: TCS29SEP262240CE, symboltoken: 153962
    385. exchange: NFO, tradingsymbol: TCS29SEP262240PE, symboltoken: 153963
    386. exchange: NFO, tradingsymbol: TCS29SEP262260CE, symboltoken: 113098
    387. exchange: NFO, tradingsymbol: TCS29SEP262260PE, symboltoken: 113099
    388. exchange: NFO, tradingsymbol: TCS29SEP262280CE, symboltoken: 153964
    389. exchange: NFO, tradingsymbol: TCS29SEP262280PE, symboltoken: 153965
    390. exchange: NFO, tradingsymbol: TCS29SEP262300CE, symboltoken: 113107
    391. exchange: NFO, tradingsymbol: TCS29SEP262300PE, symboltoken: 113109
    392. exchange: NFO, tradingsymbol: TCS29SEP262320CE, symboltoken: 153966
    393. exchange: NFO, tradingsymbol: TCS29SEP262320PE, symboltoken: 153967
    394. exchange: NFO, tradingsymbol: TCS29SEP262340CE, symboltoken: 113110
    395. exchange: NFO, tradingsymbol: TCS29SEP262340PE, symboltoken: 113111
    396. exchange: NFO, tradingsymbol: TCS29SEP262360CE, symboltoken: 153968
    397. exchange: NFO, tradingsymbol: TCS29SEP262360PE, symboltoken: 153969
    398. exchange: NFO, tradingsymbol: TCS29SEP262380CE, symboltoken: 113112
    399. exchange: NFO, tradingsymbol: TCS29SEP262380PE, symboltoken: 113113
    400. exchange: NFO, tradingsymbol: TCS29SEP262400CE, symboltoken: 153970
    401. exchange: NFO, tradingsymbol: TCS29SEP262400PE, symboltoken: 153971
    402. exchange: NFO, tradingsymbol: TCS29SEP262420CE, symboltoken: 113114
    403. exchange: NFO, tradingsymbol: TCS29SEP262420PE, symboltoken: 113115
    404. exchange: NFO, tradingsymbol: TCS29SEP262440CE, symboltoken: 153972
    405. exchange: NFO, tradingsymbol: TCS29SEP262440PE, symboltoken: 153973
    406. exchange: NFO, tradingsymbol: TCS29SEP262460CE, symboltoken: 113118
    407. exchange: NFO, tradingsymbol: TCS29SEP262460PE, symboltoken: 113119
    408. exchange: NFO, tradingsymbol: TCS29SEP262480CE, symboltoken: 153974
    409. exchange: NFO, tradingsymbol: TCS29SEP262480PE, symboltoken: 153975
    410. exchange: NFO, tradingsymbol: TCS29SEP262500CE, symboltoken: 113121
    411. exchange: NFO, tradingsymbol: TCS29SEP262500PE, symboltoken: 113122
    412. exchange: NFO, tradingsymbol: TCS29SEP262520CE, symboltoken: 153976
    413. exchange: NFO, tradingsymbol: TCS29SEP262520PE, symboltoken: 153977
    414. exchange: NFO, tradingsymbol: TCS29SEP262540CE, symboltoken: 113123
    415. exchange: NFO, tradingsymbol: TCS29SEP262540PE, symboltoken: 113124
    416. exchange: NFO, tradingsymbol: TCS29SEP262560CE, symboltoken: 153978
    417. exchange: NFO, tradingsymbol: TCS29SEP262560PE, symboltoken: 153979
    418. exchange: NFO, tradingsymbol: TCS29SEP262580CE, symboltoken: 113125
    419. exchange: NFO, tradingsymbol: TCS29SEP262580PE, symboltoken: 113126
    420. exchange: NFO, tradingsymbol: TCS29SEP262600CE, symboltoken: 153980
    421. exchange: NFO, tradingsymbol: TCS29SEP262600PE, symboltoken: 153981
    422. exchange: NFO, tradingsymbol: TCS29SEP262620CE, symboltoken: 113127
    423. exchange: NFO, tradingsymbol: TCS29SEP262620PE, symboltoken: 113128
    424. exchange: NFO, tradingsymbol: TCS29SEP262640CE, symboltoken: 153982
    425. exchange: NFO, tradingsymbol: TCS29SEP262640PE, symboltoken: 153983
    426. exchange: NFO, tradingsymbol: TCS29SEP262660CE, symboltoken: 113129
    427. exchange: NFO, tradingsymbol: TCS29SEP262660PE, symboltoken: 113130
    428. exchange: NFO, tradingsymbol: TCS29SEP262680CE, symboltoken: 37883
    429. exchange: NFO, tradingsymbol: TCS29SEP262680PE, symboltoken: 37884
    430. exchange: NFO, tradingsymbol: TCS29SEP262700CE, symboltoken: 113131
    431. exchange: NFO, tradingsymbol: TCS29SEP262700PE, symboltoken: 113132
    432. exchange: NFO, tradingsymbol: TCS29SEP262720CE, symboltoken: 153984
    433. exchange: NFO, tradingsymbol: TCS29SEP262720PE, symboltoken: 153985
    434. exchange: NFO, tradingsymbol: TCS29SEP262740CE, symboltoken: 113133
    435. exchange: NFO, tradingsymbol: TCS29SEP262740PE, symboltoken: 113134
    436. exchange: NFO, tradingsymbol: TCS29SEP262760CE, symboltoken: 44771
    437. exchange: NFO, tradingsymbol: TCS29SEP262760PE, symboltoken: 44772
    438. exchange: NFO, tradingsymbol: TCS29SEP262780CE, symboltoken: 113135
    439. exchange: NFO, tradingsymbol: TCS29SEP262780PE, symboltoken: 113136
    440. exchange: NFO, tradingsymbol: TCS29SEP2627OCT26FUT, symboltoken: 68797 49013
    441. exchange: NFO, tradingsymbol: TCS29SEP262800CE, symboltoken: 153986
    442. exchange: NFO, tradingsymbol: TCS29SEP262800PE, symboltoken: 153987
    443. exchange: NFO, tradingsymbol: TCS29SEP262820CE, symboltoken: 113137
    444. exchange: NFO, tradingsymbol: TCS29SEP262820PE, symboltoken: 113138
    445. exchange: NFO, tradingsymbol: TCS29SEP262840CE, symboltoken: 46425
    446. exchange: NFO, tradingsymbol: TCS29SEP262840PE, symboltoken: 46426
    447. exchange: NFO, tradingsymbol: TCS29SEP262860CE, symboltoken: 113139
    448. exchange: NFO, tradingsymbol: TCS29SEP262860PE, symboltoken: 113142
    449. exchange: NFO, tradingsymbol: TCS29SEP262880CE, symboltoken: 153988
    450. exchange: NFO, tradingsymbol: TCS29SEP262880PE, symboltoken: 153989
    451. exchange: NFO, tradingsymbol: TCS29SEP262900CE, symboltoken: 113143
    452. exchange: NFO, tradingsymbol: TCS29SEP262900PE, symboltoken: 113144
    453. exchange: NFO, tradingsymbol: TCS29SEP262920CE, symboltoken: 113145
    454. exchange: NFO, tradingsymbol: TCS29SEP262920PE, symboltoken: 113148
    455. exchange: NFO, tradingsymbol: TCS29SEP262940CE, symboltoken: 113160
    456. exchange: NFO, tradingsymbol: TCS29SEP262940PE, symboltoken: 113163
    457. exchange: NFO, tradingsymbol: TCS29SEP262960CE, symboltoken: 153990
    458. exchange: NFO, tradingsymbol: TCS29SEP262960PE, symboltoken: 153991
    459. exchange: NFO, tradingsymbol: TCS29SEP262980CE, symboltoken: 38465
    460. exchange: NFO, tradingsymbol: TCS29SEP262980PE, symboltoken: 38466
    461. exchange: NFO, tradingsymbol: TCS29SEP263000CE, symboltoken: 113170
    462. exchange: NFO, tradingsymbol: TCS29SEP263000PE, symboltoken: 113171
    463. exchange: NFO, tradingsymbol: TCS29SEP263020CE, symboltoken: 40354
    464. exchange: NFO, tradingsymbol: TCS29SEP263020PE, symboltoken: 40355
    465. exchange: NFO, tradingsymbol: TCS29SEP263040CE, symboltoken: 37887
    466. exchange: NFO, tradingsymbol: TCS29SEP263040PE, symboltoken: 37888
    467. exchange: NFO, tradingsymbol: TCS29SEP263060CE, symboltoken: 40356
    468. exchange: NFO, tradingsymbol: TCS29SEP263060PE, symboltoken: 40357
    469. exchange: NFO, tradingsymbol: TCS29SEP263080CE, symboltoken: 113186
    470. exchange: NFO, tradingsymbol: TCS29SEP263080PE, symboltoken: 113187
    471. exchange: NFO, tradingsymbol: TCS29SEP263120CE, symboltoken: 44773
    472. exchange: NFO, tradingsymbol: TCS29SEP263120PE, symboltoken: 44774
    473. exchange: NFO, tradingsymbol: TCS29SEP263160CE, symboltoken: 113189
    474. exchange: NFO, tradingsymbol: TCS29SEP263160PE, symboltoken: 113190
    475. exchange: NFO, tradingsymbol: TCS29SEP263200CE, symboltoken: 45620
    476. exchange: NFO, tradingsymbol: TCS29SEP263200PE, symboltoken: 45621
    477. exchange: NFO, tradingsymbol: TCS29SEP263240CE, symboltoken: 113191
    478. exchange: NFO, tradingsymbol: TCS29SEP263240PE, symboltoken: 113192
    479. exchange: NFO, tradingsymbol: TCS29SEP263280CE, symboltoken: 38467
    480. exchange: NFO, tradingsymbol: TCS29SEP263280PE, symboltoken: 38471
    481. exchange: NFO, tradingsymbol: TCS29SEP263320CE, symboltoken: 38473
    482. exchange: NFO, tradingsymbol: TCS29SEP263320PE, symboltoken: 38474
    483. exchange: NFO, tradingsymbol: TCS29SEP263360CE, symboltoken: 40358
    484. exchange: NFO, tradingsymbol: TCS29SEP263360PE, symboltoken: 40369
    485. exchange: NFO, tradingsymbol: TCS29SEP26FUT, symboltoken: 68797
    486. exchange: NFO, tradingsymbol: TCS29SEP263040PE, symboltoken: 37888
    487. exchange: NFO, tradingsymbol: TCS29SEP263060CE, symboltoken: 40356
    488. exchange: NFO, tradingsymbol: TCS29SEP263060PE, symboltoken: 40357
    489. exchange: NFO, tradingsymbol: TCS29SEP263080CE, symboltoken: 113186
    490. exchange: NFO, tradingsymbol: TCS29SEP263080PE, symboltoken: 113187
    491. exchange: NFO, tradingsymbol: TCS29SEP263120CE, symboltoken: 44773
    492. exchange: NFO, tradingsymbol: TCS29SEP263120PE, symboltoken: 44774
    493. exchange: NFO, tradingsymbol: TCS29SEP263160CE, symboltoken: 113189
    494. exchange: NFO, tradingsymbol: TCS29SEP263160PE, symboltoken: 113190
    495. exchange: NFO, tradingsymbol: TCS29SEP263200CE, symboltoken: 45620
    496. exchange: NFO, tradingsymbol: TCS29SEP263200PE, symboltoken: 45621
    497. exchange: NFO, tradingsymbol: TCS29SEP263240CE, symboltoken: 113191
    498. exchange: NFO, tradingsymbol: TCS29SEP263240PE, symboltoken: 113192
    499. exchange: NFO, tradingsymbol: TCS29SEP263280CE, symboltoken: 38467
    500. exchange: NFO, tradingsymbol: TCS29SEP263280PE, symboltoken: 38471
[I 260926 22:52:15 smartConnect:496] Search successful. Found 7 trading symbols for the given query:
    1. exchange: NSE, tradingsymbol: TCS-AF, symboltoken: 11131
    2. exchange: NSE, tradingsymbol: TCS-BB, symboltoken: 4488
    3. exchange: NSE, tradingsymbol: TCS-BE, symboltoken: 11539
    4. exchange: NSE, tradingsymbol: TCS-BL, symboltoken: 12825
    5. exchange: NSE, tradingsymbol: TCS-EQ, symboltoken: 11536
    6. exchange: NSE, tradingsymbol: TCS-IQ, symboltoken: 28612
    7. exchange: NSE, tradingsymbol: TCS-RL, symboltoken: 16510
INFO:     127.0.0.1:60173 - "POST /api/orders HTTP/1.1" 503 Service Unavailable
